Blues
	African Blues
	Blues Rock
	Blues Shouter
	British Blues
	Canadian Blues
	Chicago Blues
	Classic Female Blues
	Contemporary R&B
	Country Blues
	Delta Blues
	Detroit Blues
	Electric Blues
	Gospel Blues
	Hill Country Blues
	Hokum Blues
	Jump Blues
	Kansas City Blues
	Louisiana Blues
	Memphis Blues
	New Orleans Blues
	Piedmont Blues
	Punk Blues
	Rhythm and Blues
		Doo-wop
	Soul Blues
	St. Louis Blues
	Swamp Blues
	Texas Blues
	West Coast Blues
Country
	Alternative Country
		Cowpunk
	Americana
	Australian Country
	Bakersfield Sound
	Bluegrass
		Progressive Bluegrass
		Reactionary Bluegrass
	Country Blues
	Country Pop
	Country Rap
	Country Rock
	Cajun
		Cajun Fiddle
	Christian Country
	Close Harmony
	Dansband
	Hokum
	Honky Tonk
	Instrumental Country
	Nashville Sound
	Neotraditional Country
	New Mexico Music
	Outlaw Country
	Progressive Country
	Red Dirt
	Rockabilly
		Hellbilly
		Psychobilly
	Sertanejo
	Tejano
	Texas Country
	Traditional Country Music
	Truck-driving Country
	Western (Cowboy)
		Cowboy Pop
		New Mexico
		Texas Country
		Tejano
	Western Swing
	Zydeco
Easy Listening
	Background Music
		Elevator Music (muzak)
	Barococo
	Beautiful Music
	Chill-out
	Furniture Music
	Light Music
	Lounge Music
	Middle of the Road
	New-age Music
Electronic
	Ambient
		Ambient Dub
		Dark Ambient
			Ambient Industrial
			Dungeon Synth
			Isolationism
		Drone
		Illbient
		New-age
			Andean New-age
			Neoclassical New-age
			Space Music
		Reductionism
			Lowercase
			Onkyokei
	Bass Music
		Footwork
		Future Bass
			Kawaii Future Bass
		Jungle Terror
		UK Bass
		Wave
			Hardwave
	Breakbeat
		Acid Breaks
		Baltimore Club
			Jersey Club
			Philly Club
		Big Beat
		Breakbeat Hardcore
			4-beat
			Darkcore
			Hardcore Breaks
		Broken Beat
		Florida Breaks
		Nu Skool Breaks
		Progressive Breaks
		Psychedelic Breakbeat
	Chill-out
		Downtempo
		Psybient
			Psydub
		Trip Hop
		Trip Rock
	Chopped and Screwed
	Dance
	Disco
		Afro/Cosmic Music
		Electro-Disco
			Hi-NRG
				Eurobeat
				Eurodance
					Italo Dance
			Italo Disco
				Spacesynth
			Space Disco
		Eurodisco
		Nu-Disco
		Post-Disco
			Boogie
			City Pop
	Disco Edits
	Drum and Bass
		Darkstep
		Drumfunk
		Drumstep
		Hardstep
		Intelligent Drum and Bass
			Atmospheric Drum and Bass
		Jazzstep
		Jump-up
		Liquid Funk
		Neurofunk
		Sambass
		Techstep
	Dub
		Dub Poetry
		Dubtronica
	Electroacoustic Music
		Acousmatic Music
		Electroacoustic Improvisation
		Live Electronics
		Musique Concrète
		Soundscape
	Electronic Rock
		Dance-rock
			Alternative Dance
				Madchester
					Baggy
				New Rave
			Dance-punk
		Krautrock
		New Wave
			Cold Wave
			Dark Wave
				Neoclassical Dark Wave
				Neue Deutsche Todeskunst
			Ethereal Wave
				Nu-gaze
			Minimal Wave
			Neue Deutsche Welle
			New Romantic
			Sophisti-pop
			Synth-pop
				Dance-pop
					Disco Polo
				Electroclash
					Electropop
						Hyperpop
					Indietronica
			Post-rock
			Space Rock
			Synth-metal
				Electrogrind
				Electronicore
			Synth-punk
		Electronica
			Folktronica
			Jazztronica
			Laptronica
			Livetronica
			Progressive Electronic
				Kosmische Musik
		Ethnic Electronica
			Asian underground
			African Electronic Dance Music 
				Afrobeats
					Azonto
				Coupé-décalé
				Kuduro
				Mahraganat
				Shangaan Electro
			Budots
			Changa Tuki
			Dancehall Pop
			Funk Carioca
				Funk ostentação
				Melodic Funk
				Proibidão
				Rasteirinha
			Merenhouse
			Nortec
			Rabòday
			Rara Tech
			Russ Music
			Shamstep
			Tribal guarachero
			Worldbeat
				Manila Sound
		Funk
			Acid Jazz
			Funktronica
			Synth-funk
		Jungle
			Ragga Jungle
		Hardcore
			Bouncy Techno
			Breakcore
			Digital Hardcore
			Frenchcore
			Gabber
				Early Hardcore
				Mainstream Hardcore
			Happy Hardcore
				UK Hardcore
			Industrial Hardcore
			J-core
			Lento violento
			Mákina
			Speedcore
				Extratone
				Flashcore
				Splittercore
		Hardstyle
			Dubstyle
			Euphoric Frenchcore
			Euphoric Hardstyle
			Jumpstyle
			Rawstyle
			Trapstyle
		Hauntology
			Chillwave
			Hypnagogic Pop
			Synthwave
				Darksynth
				Sovietwave
			Vaporwave
				Dreampunk
				Future Funk
				Hardvapour
				Mallsoft
			Hip Hop
				Afroswing
				Alternative Hip Hop
					Hipster Hop
				Cloud Rap
				Crunk
					Crunkcore
					Snap Music
				Electro
					Latin Freestyle
				Emo Rap
				Instrumental Hip Hop
				Lofi Hip Hop
				Miami Bass
				Mumble Rap
				Trap
					Afro Trap
					Drill
						UK Drill
					Latin Trap
					Phonk
					Trap (EDM)
					UK Trap
	House
		Acid House
		Afro House
			Amapiano
			Gqom
			Kidandali
			Kwaito
		Ambient House
		Balearic Beat
		Ballroom
		Bass House
		Blog House
		Brazilian Bass
			Slap House
		Chicago Hard House
		Chicago House
		Deep House
		Disco House
		Diva House
			Hardbag
		Electro House
			Big Room House
			Complextro
			Dutch House
			Fidget House
			Melbourne Bounce
		Electro Swing
		Eurohouse
		French House
		Funky House
		Future House
		Garage House
		Ghetto House
			Ghettotech
			Juke House
		Hip House
		Italo House
		Jazz House
		Latin House
		Melodic House
		Microhouse
		Moombahcore
		Moombahton
			Moombahsoul
		New Jersey Sound
		Outsider House
		Progressive House
		Soulful House
		Tech House
		Tribal House
		Tropical House
		UK Hard House
			Hard NRG
			Pumping House
				Hardbass
			Scouse House
		Industrial / Post-industrial
			Deconstructed Club
			Electro-industrial
				Dark Electro
					Aggrotech
			Electronic Body Music (EBM)
				Futurepop
				New Beat
			Industrial Hip Hop
			Industrial Metal
				Cyber Metal
				Neue Deutsche Härte
			Industrial Rock
			Martial Industrial
			Witch House
		Intelligent Dance Music (IDM)
			Drill 'n' Bass
			Glitch
				Glitch Hop
		Neo Soul
		Nightcore
		Noise Music
			Danger Music
			Harsh Noise
				Harsh Noise Wall
			Japanoise
			Power Electronics
				Death Industrial
			Power Noise
		Plunderphonics
			Sampledelia
		Techno
			Acid Techno
			Ambient Techno
			Birmingham Sound
			Bleep Techno
			Detroit Techno
			Dub Techno
			Hardtechno
				Free Tekno
					Jungletek
					Raggatek
			Industrial Techno
			Minimal Techno
			Schaffel
			Toytown Techno
		Tecno Brega
		Trance Music
			Acid Trance
			Balearic Trance
			Dream Trance
			Eurotrance
				Hands Up
			Goa Trance
				Nitzhonot
			Hard Trance
			Progressive Trance
			Psychedelic Trance
				Dark Psytrance
				Full-on
				Minimal Psytrance
				Progressive Psytrance
				Suomisaundi
				Zenonesque
			Tech Trance
			Uplifting Trance
			Vocal Trance
		UK garage
			2-step Garage
			Bassline
			Breakstep
			Dubstep
				Brostep
				Post-dubstep
				Reggaestep
				Riddim
			Future garage
			Grime
				Grindie
			Speed garage
			UK Funky
				Funkstep
			Wonky
		Video game Music
			Chiptune
				Bitpop
				Nintendocore
				Skweee
			FM Synthesis
			Sequencer Music
Folk
	American Folk Revival
	Americana
	Anti-Folk
	British Folk Revival
	Celtic Music
	Chalga
	Contemporary Folk
	Corrido
	Filk
	Folk Rock
		Celtic Rock
	Freak Folk
	Indie Folk
	Industrial Folk
	Mariachi
		Ranchera
	Neofolk
	Progressive Folk
	Protest Song
	Psychedelic Folk
	Singer-songwriter
		Nueva Canción
	Skiffle
	Sung Poetry
	Tarantella/Pizzica
Hip Hop
	Alternative Hip Hop
		Hipster Hop
	Boom Bap
	Bounce
	British Hip Hop
		Road Rap
	Chopped and Screwed
	Chopper
	Cloud Rap
	Comedy Hip Hop
	Crunk
		Crunkcore
	Country Rap
	East Coast Hip Hop
	Emo Rap
	Freestyle Rap
	G-funk
	Hardcore Hip Hop
		Dirty Rap
		Gangsta Rap
		Horrorcore
		Memphis Rap
	Hip Hop Soul
	Hyphy
		Jerkin'
	Industrial Hip Hop
	Instrumental Hip Hop
	Jazz Rap
	Latin Hip Hop
		Chicano Rap
	Lofi Hip Hop
	Miami Bass
	Mumble Rap
	Nerdcore
		Chap Hop
	New Jack Swing
	Political Hip Hop
		Conscious Hip Hop
	Pop Rap
	Progressive Rap
	Punk Rap
	Ragga Hip Hop
	Rap Opera
	Rap Rock
		Rap Metal
			Trap Metal
		Rapcore
	Religious Hip Hop 
		Christian Hip Hop
		Jewish Hip Hop
	Snap
	Southern Hip Hop
	Trap
		Drill
			Brooklyn Drill
			UK Drill
		Latin Trap
		Phonk
		Tread
	Turntablism
	Underground Hip Hop
	West Coast Hip Hop
Jazz
	Acid Jazz
	Afro-Cuban Jazz
	Alt-Jazz
	Avant-garde Jazz
	Bebop
	Boogie-woogie
	Bossa Nova
	Brazilian Jazz
	British Dance Band
	Cape Jazz
	Chamber Jazz
	Continental Jazz
	Cool Jazz
	Crossover Jazz
	Dixieland
	Ethno Jazz
	European Free Jazz
	Free Funk
	Free Improvisation
	Free Jazz
	Gypsy Jazz
	Hard Bop
	Jazz Blues
	Jazz-Funk
	Jazz Fusion
	Jazz Rap
	Jazz Rock
	Kansas City Jazz
	Latin Jazz
	Livetronica
	M-base
	Mainstream Jazz
	Modal Jazz
	Neo-bop Jazz
	Neo-Swing
	Novelty Ragtime
	Nu Jazz
	Orchestral Jazz
	Post-Bop
	Progressive Jazz
	Punk Jazz
	Ragtime
	Samba-Jazz
	Shibuya-Kei
	Ska Jazz
	Smooth Jazz
	Soul Jazz
	Straight-ahead Jazz
	Stride Jazz
	Swing
	Trad Jazz
	Third Stream
	Vocal Jazz
	West Coast Jazz
Pop
	Adult Album Alternative
	Adult Contemporary
	Ambient Pop
	Arabic Pop
	Art Pop
	Baroque Pop
	Bedroom Pop
	Brill Building
	Britpop
	Bubblegum Pop
	C-pop
		Cantopop
		Hokkien Pop
		Mandopop
	Canción
	Canzone
	Chalga
	Chamber Pop
	Chanson
	Christian Pop
	Classic Hits
	Classical Crossover
	Country Pop
	Cringe Pop
	Dance-Pop
	Disco Polo
	Electropop
	Europop
		Austropop
		Eurobeat
		French Pop
		Italo Dance
		Italo Disco
		Laïkó
		Nederpop
		Neomelodic Music
		Russian Pop
	Fado
	Folk Pop
	Hyperpop
	Indie Pop
		Twee Pop
	Indian Pop
	Iranian Pop
	J-Pop
		City Pop
		Shibuya-kei
	Jangle Pop
	Jazz Pop
	K-Pop
		Korean Hip Hop
		Korean Rock
		T'ong guitar
		Trot
	Latin Ballad
	Latin Pop
		Mexican Pop
	New Romantic
	Oldies
	Operatic Pop
	OPM
		Pinoy Pop
	Pop Rap
	Pop Rock
		Pop Punk
			Emo Pop
			Neon Pop
		Power Pop
		Soft Rock
		Surf Pop
		Yacht Rock
	Pop Soul
	Progressive Pop
	Psychedelic Pop
	Rebetiko
	Schlager
	Sophisti-Pop
	Space age Pop
	Sunshine Pop
	Swamp Pop
	Synthpop
	Teen Pop
	Traditional Pop
	Turbo-Folk
	Turkish Pop
	Vispop
	Wonky Pop
	Worldbeat
	Yé-yé
R&B
R&B/Soul
	Alternative R&B
	Contemporary R&B
	Disco
	Freestyle
		Go-go
	Funk
		Deep Funk
		Minneapolis Sound
		Psychedelic Funk
	Gospel
	New Jack Swing
	Post-disco
		Boogie
	Rhythm and Blues
		Doo-wop
	Soul
		Blue-eyed Soul
		Hip Hop Soul
		Neo Soul
		Northern Soul
		Psychedelic Soul
		Southern Soul
Rock
	Afro Rock
	Alternative Rock
		Alternative Dance
		Britpop
			Post-Britpop
		Dream Pop
			Shoegaze
				Blackgaze
		Grunge
			Post-Grunge
		Indie Rock
			Dunedin Sound
			Math Rock
			Post-Punk Revival
		Madchester
			Baggy
		Noise Pop
		Sadcore
		Slowcore
	Arena Rock
	Beat
		British Invasion
		Freakbeat
		Nederbeat
	Blues Rock
		Boogie Rock
	British Rhythm and Blues
	Chamber Pop
	Christian Rock
	Classic Rock
	Comedy Rock
	Country Rock
	Dark Cabaret
	Desert Rock
	Electronic Rock
		Electronicore
		New Wave
			Cold Wave
			Dark Wave
				Ethereal Wave
	Experimental Rock
		Art Rock
		Industrial Rock
		Post-punk
			Dance-Punk
			Gothic Rock
			No Wave
			Noise Rock
		Post-rock
			Post-Metal
	Folk Rock
		British Folk Rock
		Celtic Rock
		Medieval Folk Rock
	Funk Rock
	Garage Rock
	Glam Rock
	Hard Rock				
	Heartland Rock
	Instrumental Rock
	Jazz Fusion
		Jazz Rock
	Latin Rock
	Mangue Bit
	Metal
	Paisley Underground
	Pop Rock
		Jangle Pop
		Power Pop
		Soft Rock
			Yacht Rock
	Progressive Rock
		Art Rock
		Avant-prog
			Rock In Opposition
		Canterbury Scene
		Flamenco Rock
		Krautrock
		Neo-Progressive Rock
		New Prog
		Post-Progressive
		Space Rock
		Symphonic Rock
	Psychedelic Rock
		Acid Rock
		Neo-Psychedelia
		Raga Rock
	Pub Rock (Australia)
	Pub Rock (United Kingdom)
	Punk Rock
	Rap Rock
		Rapcore
	Reggae Rock
	Rock and Roll
		Rockabilly
	Rock Opera
	Roots Rock
	Southern Rock
	Stoner Rock
	Swamp Rock
	Sufi Rock
	Surf Rock
	Tropical Rock
	Visual Kei
		Nagoya Kei
	Wizard Rock
	Worldbeat
	World Fusion
Metal
	Alternative Metal
		Funk Metal
		Nu Metal
		Rap Metal
	Avant-garde Metal
	Black Metal
		Blackened Death Metal
		Atmospheric Black Metal
		Blackgaze
		Melodic Black Metal
		National Socialist Black Metal
		Symphonic Black Metal
		Viking Metal
	Christian Metal
		Unblack Metal
	Death Metal
		Death 'n' Roll
		Deathgrind
		Melodic Death Metal
		Technical Death Metal
	Doom Metal
		Death-Doom
	Drone Metal
	Folk Metal
		Celtic Metal
		Medieval Metal
		Pagan Metal
	Glam Metal
	Gothic Metal
	Heavy Metal
	Industrial Metal
	Kawaii Metal
	Latin Metal
	Metalcore
		Deathcore
		Mathcore
		Melodic Metalcore
	Neoclassical Metal
	Neue Deutsche Härte
	Nintendocore
	Pirate Metal
	Post-Metal
	Power Metal
	Progressive Metal
		Djent
	Sludge Metal
	Speed Metal
	Symphonic Metal
	Thrash Metal
		Crossover Thrash
		Groove Metal
Punk
	Anarcho Punk
		Crust Punk
			D-beat
	Art Punk
	Christian Punk
	Deathrock
	Digital Hardcore
	Folk Punk
		Celtic Punk
		Cowpunk
		Gypsy Punk
	Garage Punk
	Grindcore
		Crustgrind
		Goregrind
		Noisegrind
		Pornogrind
	Hardcore Punk
		Crossover Thrash
		Melodic Hardcore
		Post-hardcore
			Emo
				Emo Pop
				Screamo
		Powerviolence
		Street Punk
		Thrashcore
		Horror Punk
		Nazi Punk
		Oi!
		Pop Punk
			Easycore
			Neon Pop
		Psychobilly
		Punk Pathetique
		Riot grrrl
		Ska Punk
		Skate Punk
